{"level":"info","message":"Executed query (SELECT id FROM npwd_marketplace_listings WHERE identifier = ? [\"T00I84CX\"]) in 12.3089ms'","module":"DBInterface","timestamp":"2025-10-11T19:37:22.992Z"}
{"level":"info","message":"Executed query (DELETE FROM npwd_marketplace_listings WHERE identifier = ? AND reported = 0 [\"T00I84CX\"]) in 4.2444ms'","module":"DBInterface","timestamp":"2025-10-11T19:37:22.997Z"}
{"level":"info","message":"Unloaded NPWD Player, source: (1)","module":"player","timestamp":"2025-10-11T19:37:22.998Z"}
{"level":"debug","message":"Marketplace service started","module":"marketplace","timestamp":"2025-10-14T11:21:02.088Z"}
{"level":"debug","message":"Call service started","module":"calls","timestamp":"2025-10-14T11:21:02.090Z"}
{"level":"debug","message":"Player Service started","module":"player","timestamp":"2025-10-14T11:21:02.090Z"}
{"level":"info","message":"Loading QBX bridge....","timestamp":"2025-10-14T11:21:02.090Z"}
{"level":"info","message":"QBX bridge initialized","timestamp":"2025-10-14T11:21:02.091Z"}
{"level":"debug","message":"Boot service started","module":"boot","timestamp":"2025-10-14T11:21:02.091Z"}
{"level":"debug","message":"Messages service started","module":"messages","timestamp":"2025-10-14T11:21:02.091Z"}
{"level":"debug","message":"Notes service started","module":"notes","timestamp":"2025-10-14T11:21:02.091Z"}
{"level":"debug","message":"Contacts service started","module":"contact","timestamp":"2025-10-14T11:21:02.091Z"}
{"level":"debug","message":"Photo service started","module":"photo","timestamp":"2025-10-14T11:21:02.101Z"}
{"level":"debug","message":"Twitter service started","module":"twitter","timestamp":"2025-10-14T11:21:02.102Z"}
{"level":"debug","message":"Match service started","module":"match","timestamp":"2025-10-14T11:21:02.102Z"}
{"level":"debug","message":"Beginning database schema validation","module":"boot","timestamp":"2025-10-14T11:21:04.017Z"}
{"level":"info","message":"Successfully started","timestamp":"2025-10-14T11:21:04.024Z"}
{"level":"info","message":"Executed query (SELECT COUNT(*) as count\n                       FROM information_schema.tables\n                       WHERE table_schema = ?\n                         AND table_name = ? [\"Qbox-database\",\"players\"]) in 62.0274ms'","module":"DBInterface","timestamp":"2025-10-14T11:21:04.080Z"}
{"level":"info","message":"Executed query (SHOW COLUMNS IN players []) in 17.2981ms'","module":"DBInterface","timestamp":"2025-10-14T11:21:04.097Z"}
{"level":"debug","message":"Database schema successfully validated","module":"boot","timestamp":"2025-10-14T11:21:04.097Z"}
{"level":"info","message":"New NPWD Player added through event (1) (T00I84CX)","module":"player","timestamp":"2025-10-14T11:24:34.294Z"}
{"level":"debug","message":{"_firstname":"Cook","_identifier":"T00I84CX","_lastname":"Sucker","_phoneNumber":"2761918114","source":1,"username":"kareem_"},"module":"player","timestamp":"2025-10-14T11:24:34.295Z"}
{"level":"info","message":"New NPWD Player added through event (1) (T00I84CX)","module":"player","timestamp":"2025-10-14T11:24:34.311Z"}
{"level":"debug","message":{"_firstname":"Cook","_identifier":"T00I84CX","_lastname":"Sucker","_phoneNumber":"2761918114","source":1,"username":"kareem_"},"module":"player","timestamp":"2025-10-14T11:24:34.311Z"}
{"level":"silly","message":"netPromise > npwd:fetchTweets > RequestObj","module":"events","timestamp":"2025-10-14T11:24:34.392Z"}
{"level":"silly","message":{"data":{"pageId":0},"source":1},"module":"events","timestamp":"2025-10-14T11:24:34.392Z"}
{"level":"info","message":"Executed query (\n        SELECT *\n        FROM npwd_twitter_profiles\n        WHERE identifier = ?\n        LIMIT 1\n\t\t [\"T00I84CX\"]) in 34.5873ms'","module":"DBInterface","timestamp":"2025-10-14T11:24:34.427Z"}
{"level":"info","message":"Executed query (\n        SELECT \n  npwd_twitter_tweets.id,\n  npwd_twitter_tweets.identifier,\n  npwd_twitter_profiles.id AS profile_id,\n  npwd_twitter_profiles.profile_name,\n  npwd_twitter_profiles.avatar_url,\n  npwd_twitter_tweets.likes,\n  npwd_twitter_tweets.visible,\n  IFNULL(COALESCE(retweets.message, npwd_twitter_tweets.message), '') AS message,\n  IFNULL(COALESCE(retweets.images, npwd_twitter_tweets.images), '') AS images,\n  npwd_twitter_tweets.retweet IS NOT NULL AS isRetweet,\n  retweets.id AS retweetId,\n  retweets_profiles.profile_name AS retweetProfileName,\n  retweets_profiles.avatar_url AS retweetAvatarUrl,\n  npwd_twitter_likes.id IS NOT NULL AS isLiked,\n  npwd_twitter_reports.id IS NOT NULL AS isReported,\n  npwd_twitter_tweets.createdAt,\n  npwd_twitter_tweets.updatedAt,\n  TIME_TO_SEC(TIMEDIFF( NOW(), npwd_twitter_tweets.createdAt)) AS seconds_since_tweet\n\n        FROM npwd_twitter_tweets\n                 LEFT OUTER JOIN npwd_twitter_profiles\n                                 ON npwd_twitter_tweets.identifier = npwd_twitter_profiles.identifier\n                 LEFT OUTER JOIN npwd_twitter_likes ON npwd_twitter_tweets.id = npwd_twitter_likes.tweet_id AND\n                                                       npwd_twitter_likes.profile_id = ?\n                 LEFT OUTER JOIN npwd_twitter_reports ON npwd_twitter_tweets.id = npwd_twitter_reports.tweet_id AND\n                                                         npwd_twitter_reports.profile_id = ?\n                 LEFT OUTER JOIN npwd_twitter_tweets AS retweets ON retweets.id = npwd_twitter_tweets.retweet\n                 LEFT OUTER JOIN npwd_twitter_profiles AS retweets_profiles\n                                 ON retweets.identifier = retweets_profiles.identifier\n        WHERE npwd_twitter_tweets.visible = 1\n        ORDER BY id DESC\n        LIMIT ? OFFSET ?\n\t\t [1,1,\"25\",\"0\"]) in 60.3585ms'","module":"DBInterface","timestamp":"2025-10-14T11:24:34.488Z"}
{"level":"silly","message":"Response Promise Event npwd:fetchTweets:2c736ca2-91ab-4598-b7ab-ff5d03d2e0be (97.1661ms), Data >>","module":"events","timestamp":"2025-10-14T11:24:34.489Z"}
{"level":"silly","message":{"data":[],"status":"ok"},"module":"events","timestamp":"2025-10-14T11:24:34.489Z"}
{"level":"silly","message":"netPromise > npwd:getOrCreateTwitterProfile > RequestObj","module":"events","timestamp":"2025-10-14T11:24:34.642Z"}
{"level":"silly","message":{"data":null,"source":1},"module":"events","timestamp":"2025-10-14T11:24:34.642Z"}
{"level":"silly","message":"netPromise > phone:getMyProfile > RequestObj","module":"events","timestamp":"2025-10-14T11:24:34.644Z"}
{"level":"silly","message":{"data":null,"source":1},"module":"events","timestamp":"2025-10-14T11:24:34.644Z"}
{"level":"silly","message":"netPromise > npwd:fetchMessageGroups > RequestObj","module":"events","timestamp":"2025-10-14T11:24:34.648Z"}
{"level":"silly","message":{"data":null,"source":1},"module":"events","timestamp":"2025-10-14T11:24:34.648Z"}
{"level":"silly","message":"netPromise > npwd-contact-getAll > RequestObj","module":"events","timestamp":"2025-10-14T11:24:34.652Z"}
{"level":"silly","message":{"data":null,"source":1},"module":"events","timestamp":"2025-10-14T11:24:34.652Z"}
{"level":"info","message":"Executed query (\n        SELECT *\n        FROM npwd_twitter_profiles\n        WHERE identifier = ?\n        LIMIT 1\n\t\t [\"T00I84CX\"]) in 18.2463ms'","module":"DBInterface","timestamp":"2025-10-14T11:24:34.662Z"}
{"level":"silly","message":"Response Promise Event npwd:getOrCreateTwitterProfile:b4a33a3c-bdbd-45c9-8420-f3b7f696e9ae (20.2464ms), Data >>","module":"events","timestamp":"2025-10-14T11:24:34.663Z"}
{"level":"silly","message":{"data":{"avatar_url":"https://i.fivemanage.com/images/3ClWwmpwkFhL.png","createdAt":"2025-10-04T17:50:42.000Z","id":1,"identifier":"T00I84CX","profile_name":"Cook_Sucker","updatedAt":"2025-10-04T17:50:42.000Z"},"status":"ok"},"module":"events","timestamp":"2025-10-14T11:24:34.664Z"}
{"level":"info","message":"Executed query (\n        SELECT *,\n               UNIX_TIMESTAMP(updatedAt) AS lastActive\n        FROM npwd_match_profiles\n        WHERE identifier = ?\n        LIMIT 1\n\t\t [\"T00I84CX\"]) in 124.7879ms'","module":"DBInterface","timestamp":"2025-10-14T11:24:34.769Z"}
{"level":"silly","message":"Response Promise Event phone:getMyProfile:2a6da3c4-7ebc-4641-a965-602a16e7c710 (127.7763ms), Data >>","module":"events","timestamp":"2025-10-14T11:24:34.772Z"}
{"level":"info","message":"Executed query (SELECT * FROM npwd_phone_contacts WHERE identifier = ? ORDER BY display ASC [\"T00I84CX\"]) in 121.6153ms'","module":"DBInterface","timestamp":"2025-10-14T11:24:34.774Z"}
{"level":"info","message":"Executed query (SELECT npwd_messages_conversations.id,\n                          npwd_messages_conversations.conversation_list         as conversationList,\n                          npwd_messages_participants.unread_count               as unreadCount,\n                          npwd_messages_conversations.is_group_chat             as isGroupChat,\n                          npwd_messages_conversations.label,\n                          UNIX_TIMESTAMP(npwd_messages_conversations.updatedAt) as updatedAt,\n                          npwd_messages_participants.participant\n                   FROM npwd_messages_conversations\n                            INNER JOIN npwd_messages_participants\n                                       on npwd_messages_conversations.id = npwd_messages_participants.conversation_id\n                   WHERE npwd_messages_participants.participant = ? [\"2761918114\"]) in 128.3999ms'","module":"DBInterface","timestamp":"2025-10-14T11:24:34.778Z"}
{"level":"silly","message":{"data":{"bio":"","createdAt":"2025-10-04T17:50:42.000Z","id":1,"identifier":"T00I84CX","image":"https://upload.wikimedia.org/wikipedia/commons/a/ac/No_image_available.svg","job":"","lastActive":1759600242,"lastActiveFormatted":"Sat, 04 Oct 2025 17:50:42 GMT","location":"","name":"Cook Sucker","tagList":[],"tags":"","updatedAt":"2025-10-04T17:50:42.000Z","viewed":false,"voiceMessage":null},"status":"ok"},"module":"events","timestamp":"2025-10-14T11:24:34.772Z"}
{"level":"silly","message":"Response Promise Event npwd-contact-getAll:5847e4a6-35a8-4120-a555-e6336dcceb9b (122.7686ms), Data >>","module":"events","timestamp":"2025-10-14T11:24:34.775Z"}
{"level":"silly","message":{"data":[],"status":"ok"},"module":"events","timestamp":"2025-10-14T11:24:34.775Z"}
{"level":"silly","message":"Response Promise Event npwd:fetchMessageGroups:214d8eee-a1fe-4673-9027-055eed0710e4 (130.2908ms), Data >>","module":"events","timestamp":"2025-10-14T11:24:34.778Z"}
{"level":"silly","message":{"data":[],"status":"ok"},"module":"events","timestamp":"2025-10-14T11:24:34.778Z"}
{"level":"info","message":"Executed query (SELECT id FROM npwd_marketplace_listings WHERE identifier = ? [\"T00I84CX\"]) in 5.7029ms'","module":"DBInterface","timestamp":"2025-10-14T11:45:15.057Z"}
{"level":"info","message":"Executed query (DELETE FROM npwd_marketplace_listings WHERE identifier = ? AND reported = 0 [\"T00I84CX\"]) in 1.0659ms'","module":"DBInterface","timestamp":"2025-10-14T11:45:15.058Z"}
{"level":"info","message":"Unloaded NPWD Player, source: (1)","module":"player","timestamp":"2025-10-14T11:45:15.059Z"}
{"level":"info","message":"New NPWD Player added through event (2) (T00I84CX)","module":"player","timestamp":"2025-10-14T12:05:08.723Z"}
{"level":"debug","message":{"_firstname":"Cook","_identifier":"T00I84CX","_lastname":"Sucker","_phoneNumber":"2761918114","source":2,"username":"kareem_"},"module":"player","timestamp":"2025-10-14T12:05:08.723Z"}
{"level":"info","message":"New NPWD Player added through event (2) (T00I84CX)","module":"player","timestamp":"2025-10-14T12:05:08.728Z"}
{"level":"debug","message":{"_firstname":"Cook","_identifier":"T00I84CX","_lastname":"Sucker","_phoneNumber":"2761918114","source":2,"username":"kareem_"},"module":"player","timestamp":"2025-10-14T12:05:08.729Z"}
{"level":"silly","message":"netPromise > npwd:fetchTweets > RequestObj","module":"events","timestamp":"2025-10-14T12:05:08.773Z"}
{"level":"silly","message":{"data":{"pageId":0},"source":2},"module":"events","timestamp":"2025-10-14T12:05:08.773Z"}
{"level":"info","message":"Executed query (\n        SELECT *\n        FROM npwd_twitter_profiles\n        WHERE identifier = ?\n        LIMIT 1\n\t\t [\"T00I84CX\"]) in 2.642ms'","module":"DBInterface","timestamp":"2025-10-14T12:05:08.776Z"}
{"level":"info","message":"Executed query (\n        SELECT \n  npwd_twitter_tweets.id,\n  npwd_twitter_tweets.identifier,\n  npwd_twitter_profiles.id AS profile_id,\n  npwd_twitter_profiles.profile_name,\n  npwd_twitter_profiles.avatar_url,\n  npwd_twitter_tweets.likes,\n  npwd_twitter_tweets.visible,\n  IFNULL(COALESCE(retweets.message, npwd_twitter_tweets.message), '') AS message,\n  IFNULL(COALESCE(retweets.images, npwd_twitter_tweets.images), '') AS images,\n  npwd_twitter_tweets.retweet IS NOT NULL AS isRetweet,\n  retweets.id AS retweetId,\n  retweets_profiles.profile_name AS retweetProfileName,\n  retweets_profiles.avatar_url AS retweetAvatarUrl,\n  npwd_twitter_likes.id IS NOT NULL AS isLiked,\n  npwd_twitter_reports.id IS NOT NULL AS isReported,\n  npwd_twitter_tweets.createdAt,\n  npwd_twitter_tweets.updatedAt,\n  TIME_TO_SEC(TIMEDIFF( NOW(), npwd_twitter_tweets.createdAt)) AS seconds_since_tweet\n\n        FROM npwd_twitter_tweets\n                 LEFT OUTER JOIN npwd_twitter_profiles\n                                 ON npwd_twitter_tweets.identifier = npwd_twitter_profiles.identifier\n                 LEFT OUTER JOIN npwd_twitter_likes ON npwd_twitter_tweets.id = npwd_twitter_likes.tweet_id AND\n                                                       npwd_twitter_likes.profile_id = ?\n                 LEFT OUTER JOIN npwd_twitter_reports ON npwd_twitter_tweets.id = npwd_twitter_reports.tweet_id AND\n                                                         npwd_twitter_reports.profile_id = ?\n                 LEFT OUTER JOIN npwd_twitter_tweets AS retweets ON retweets.id = npwd_twitter_tweets.retweet\n                 LEFT OUTER JOIN npwd_twitter_profiles AS retweets_profiles\n                                 ON retweets.identifier = retweets_profiles.identifier\n        WHERE npwd_twitter_tweets.visible = 1\n        ORDER BY id DESC\n        LIMIT ? OFFSET ?\n\t\t [1,1,\"25\",\"0\"]) in 19.1931ms'","module":"DBInterface","timestamp":"2025-10-14T12:05:08.795Z"}
{"level":"silly","message":"Response Promise Event npwd:fetchTweets:e01cf7e2-0522-47c9-9048-aeb93fa53ec4 (23.0209ms), Data >>","module":"events","timestamp":"2025-10-14T12:05:08.796Z"}
{"level":"silly","message":{"data":[],"status":"ok"},"module":"events","timestamp":"2025-10-14T12:05:08.796Z"}
{"level":"silly","message":"netPromise > npwd:getOrCreateTwitterProfile > RequestObj","module":"events","timestamp":"2025-10-14T12:05:08.923Z"}
{"level":"silly","message":{"data":null,"source":2},"module":"events","timestamp":"2025-10-14T12:05:08.923Z"}
{"level":"silly","message":"netPromise > phone:getMyProfile > RequestObj","module":"events","timestamp":"2025-10-14T12:05:08.924Z"}
{"level":"silly","message":{"data":null,"source":2},"module":"events","timestamp":"2025-10-14T12:05:08.924Z"}
{"level":"silly","message":"netPromise > npwd:fetchMessageGroups > RequestObj","module":"events","timestamp":"2025-10-14T12:05:08.925Z"}
{"level":"silly","message":{"data":null,"source":2},"module":"events","timestamp":"2025-10-14T12:05:08.925Z"}
{"level":"silly","message":"netPromise > npwd-contact-getAll > RequestObj","module":"events","timestamp":"2025-10-14T12:05:08.925Z"}
{"level":"silly","message":{"data":null,"source":2},"module":"events","timestamp":"2025-10-14T12:05:08.925Z"}
{"level":"info","message":"Executed query (\n        SELECT *\n        FROM npwd_twitter_profiles\n        WHERE identifier = ?\n        LIMIT 1\n\t\t [\"T00I84CX\"]) in 3.6907ms'","module":"DBInterface","timestamp":"2025-10-14T12:05:08.928Z"}
{"level":"silly","message":"Response Promise Event npwd:getOrCreateTwitterProfile:68450cfe-c1cc-4bb1-9dd9-5a6989da2ef6 (5.2213ms), Data >>","module":"events","timestamp":"2025-10-14T12:05:08.928Z"}
{"level":"silly","message":{"data":{"avatar_url":"https://i.fivemanage.com/images/3ClWwmpwkFhL.png","createdAt":"2025-10-04T17:50:42.000Z","id":1,"identifier":"T00I84CX","profile_name":"Cook_Sucker","updatedAt":"2025-10-04T17:50:42.000Z"},"status":"ok"},"module":"events","timestamp":"2025-10-14T12:05:08.928Z"}
{"level":"info","message":"Executed query (SELECT npwd_messages_conversations.id,\n                          npwd_messages_conversations.conversation_list         as conversationList,\n                          npwd_messages_participants.unread_count               as unreadCount,\n                          npwd_messages_conversations.is_group_chat             as isGroupChat,\n                          npwd_messages_conversations.label,\n                          UNIX_TIMESTAMP(npwd_messages_conversations.updatedAt) as updatedAt,\n                          npwd_messages_participants.participant\n                   FROM npwd_messages_conversations\n                            INNER JOIN npwd_messages_participants\n                                       on npwd_messages_conversations.id = npwd_messages_participants.conversation_id\n                   WHERE npwd_messages_participants.participant = ? [\"2761918114\"]) in 8.768ms'","module":"DBInterface","timestamp":"2025-10-14T12:05:08.934Z"}
{"level":"silly","message":"Response Promise Event npwd:fetchMessageGroups:2d531c27-bf3e-4569-bc59-233daf5535e2 (9.961ms), Data >>","module":"events","timestamp":"2025-10-14T12:05:08.935Z"}
{"level":"silly","message":{"data":[],"status":"ok"},"module":"events","timestamp":"2025-10-14T12:05:08.935Z"}
{"level":"info","message":"Executed query (\n        SELECT *,\n               UNIX_TIMESTAMP(updatedAt) AS lastActive\n        FROM npwd_match_profiles\n        WHERE identifier = ?\n        LIMIT 1\n\t\t [\"T00I84CX\"]) in 12.8274ms'","module":"DBInterface","timestamp":"2025-10-14T12:05:08.937Z"}
{"level":"silly","message":"Response Promise Event phone:getMyProfile:157c9729-b603-4bbf-9248-9899086e9ffa (15.3632ms), Data >>","module":"events","timestamp":"2025-10-14T12:05:08.940Z"}
{"level":"info","message":"Executed query (SELECT * FROM npwd_phone_contacts WHERE identifier = ? ORDER BY display ASC [\"T00I84CX\"]) in 16.2615ms'","module":"DBInterface","timestamp":"2025-10-14T12:05:08.942Z"}
{"level":"silly","message":{"data":{"bio":"","createdAt":"2025-10-04T17:50:42.000Z","id":1,"identifier":"T00I84CX","image":"https://upload.wikimedia.org/wikipedia/commons/a/ac/No_image_available.svg","job":"","lastActive":1759600242,"lastActiveFormatted":"Sat, 04 Oct 2025 17:50:42 GMT","location":"","name":"Cook Sucker","tagList":[],"tags":"","updatedAt":"2025-10-04T17:50:42.000Z","viewed":false,"voiceMessage":null},"status":"ok"},"module":"events","timestamp":"2025-10-14T12:05:08.941Z"}
{"level":"silly","message":"Response Promise Event npwd-contact-getAll:6d6f3a69-2c04-4ce5-9ae0-57ef57ec911d (16.8643ms), Data >>","module":"events","timestamp":"2025-10-14T12:05:08.943Z"}
{"level":"silly","message":{"data":[],"status":"ok"},"module":"events","timestamp":"2025-10-14T12:05:08.943Z"}
{"level":"info","message":"Executed query (SELECT id FROM npwd_marketplace_listings WHERE identifier = ? [\"T00I84CX\"]) in 18.3527ms'","module":"DBInterface","timestamp":"2025-10-14T19:35:07.197Z"}
{"level":"info","message":"Executed query (DELETE FROM npwd_marketplace_listings WHERE identifier = ? AND reported = 0 [\"T00I84CX\"]) in 3.2896ms'","module":"DBInterface","timestamp":"2025-10-14T19:35:07.203Z"}
{"level":"info","message":"Unloaded NPWD Player, source: (2)","module":"player","timestamp":"2025-10-14T19:35:07.203Z"}
{"level":"debug","message":"Marketplace service started","module":"marketplace","timestamp":"2025-10-15T07:31:05.045Z"}
{"level":"debug","message":"Call service started","module":"calls","timestamp":"2025-10-15T07:31:05.048Z"}
{"level":"debug","message":"Player Service started","module":"player","timestamp":"2025-10-15T07:31:05.048Z"}
{"level":"info","message":"Loading QBX bridge....","timestamp":"2025-10-15T07:31:05.048Z"}
{"level":"info","message":"QBX bridge initialized","timestamp":"2025-10-15T07:31:05.049Z"}
{"level":"debug","message":"Boot service started","module":"boot","timestamp":"2025-10-15T07:31:05.049Z"}
{"level":"debug","message":"Messages service started","module":"messages","timestamp":"2025-10-15T07:31:05.049Z"}
{"level":"debug","message":"Notes service started","module":"notes","timestamp":"2025-10-15T07:31:05.050Z"}
{"level":"debug","message":"Contacts service started","module":"contact","timestamp":"2025-10-15T07:31:05.050Z"}
{"level":"debug","message":"Photo service started","module":"photo","timestamp":"2025-10-15T07:31:05.065Z"}
{"level":"debug","message":"Twitter service started","module":"twitter","timestamp":"2025-10-15T07:31:05.066Z"}
{"level":"debug","message":"Match service started","module":"match","timestamp":"2025-10-15T07:31:05.066Z"}
{"level":"debug","message":"Beginning database schema validation","module":"boot","timestamp":"2025-10-15T07:31:07.095Z"}
{"level":"info","message":"Successfully started","timestamp":"2025-10-15T07:31:07.101Z"}
{"level":"info","message":"Executed query (SELECT COUNT(*) as count\n                       FROM information_schema.tables\n                       WHERE table_schema = ?\n                         AND table_name = ? [\"Qbox-database\",\"players\"]) in 66.4642ms'","module":"DBInterface","timestamp":"2025-10-15T07:31:07.162Z"}
{"level":"info","message":"Executed query (SHOW COLUMNS IN players []) in 16.1953ms'","module":"DBInterface","timestamp":"2025-10-15T07:31:07.178Z"}
{"level":"debug","message":"Database schema successfully validated","module":"boot","timestamp":"2025-10-15T07:31:07.178Z"}
{"level":"info","message":"New NPWD Player added through event (1) (T00I84CX)","module":"player","timestamp":"2025-10-15T07:34:27.508Z"}
{"level":"debug","message":{"_firstname":"Cook","_identifier":"T00I84CX","_lastname":"Sucker","_phoneNumber":"2761918114","source":1,"username":"kareem_"},"module":"player","timestamp":"2025-10-15T07:34:27.508Z"}
{"level":"info","message":"New NPWD Player added through event (1) (T00I84CX)","module":"player","timestamp":"2025-10-15T07:34:27.515Z"}
{"level":"debug","message":{"_firstname":"Cook","_identifier":"T00I84CX","_lastname":"Sucker","_phoneNumber":"2761918114","source":1,"username":"kareem_"},"module":"player","timestamp":"2025-10-15T07:34:27.515Z"}
{"level":"silly","message":"netPromise > npwd:fetchTweets > RequestObj","module":"events","timestamp":"2025-10-15T07:34:27.608Z"}
{"level":"silly","message":{"data":{"pageId":0},"source":1},"module":"events","timestamp":"2025-10-15T07:34:27.608Z"}
{"level":"info","message":"Executed query (\n        SELECT *\n        FROM npwd_twitter_profiles\n        WHERE identifier = ?\n        LIMIT 1\n\t\t [\"T00I84CX\"]) in 10.167ms'","module":"DBInterface","timestamp":"2025-10-15T07:34:27.619Z"}
{"level":"info","message":"Executed query (\n        SELECT \n  npwd_twitter_tweets.id,\n  npwd_twitter_tweets.identifier,\n  npwd_twitter_profiles.id AS profile_id,\n  npwd_twitter_profiles.profile_name,\n  npwd_twitter_profiles.avatar_url,\n  npwd_twitter_tweets.likes,\n  npwd_twitter_tweets.visible,\n  IFNULL(COALESCE(retweets.message, npwd_twitter_tweets.message), '') AS message,\n  IFNULL(COALESCE(retweets.images, npwd_twitter_tweets.images), '') AS images,\n  npwd_twitter_tweets.retweet IS NOT NULL AS isRetweet,\n  retweets.id AS retweetId,\n  retweets_profiles.profile_name AS retweetProfileName,\n  retweets_profiles.avatar_url AS retweetAvatarUrl,\n  npwd_twitter_likes.id IS NOT NULL AS isLiked,\n  npwd_twitter_reports.id IS NOT NULL AS isReported,\n  npwd_twitter_tweets.createdAt,\n  npwd_twitter_tweets.updatedAt,\n  TIME_TO_SEC(TIMEDIFF( NOW(), npwd_twitter_tweets.createdAt)) AS seconds_since_tweet\n\n        FROM npwd_twitter_tweets\n                 LEFT OUTER JOIN npwd_twitter_profiles\n                                 ON npwd_twitter_tweets.identifier = npwd_twitter_profiles.identifier\n                 LEFT OUTER JOIN npwd_twitter_likes ON npwd_twitter_tweets.id = npwd_twitter_likes.tweet_id AND\n                                                       npwd_twitter_likes.profile_id = ?\n                 LEFT OUTER JOIN npwd_twitter_reports ON npwd_twitter_tweets.id = npwd_twitter_reports.tweet_id AND\n                                                         npwd_twitter_reports.profile_id = ?\n                 LEFT OUTER JOIN npwd_twitter_tweets AS retweets ON retweets.id = npwd_twitter_tweets.retweet\n                 LEFT OUTER JOIN npwd_twitter_profiles AS retweets_profiles\n                                 ON retweets.identifier = retweets_profiles.identifier\n        WHERE npwd_twitter_tweets.visible = 1\n        ORDER BY id DESC\n        LIMIT ? OFFSET ?\n\t\t [1,1,\"25\",\"0\"]) in 30.2717ms'","module":"DBInterface","timestamp":"2025-10-15T07:34:27.650Z"}
{"level":"silly","message":"Response Promise Event npwd:fetchTweets:73db53cd-8167-4ff7-8e3f-e8f713582e92 (43.1114ms), Data >>","module":"events","timestamp":"2025-10-15T07:34:27.651Z"}
{"level":"silly","message":{"data":[],"status":"ok"},"module":"events","timestamp":"2025-10-15T07:34:27.651Z"}
{"level":"silly","message":"netPromise > npwd:getOrCreateTwitterProfile > RequestObj","module":"events","timestamp":"2025-10-15T07:34:27.757Z"}
{"level":"silly","message":{"data":null,"source":1},"module":"events","timestamp":"2025-10-15T07:34:27.757Z"}
{"level":"silly","message":"netPromise > phone:getMyProfile > RequestObj","module":"events","timestamp":"2025-10-15T07:34:27.759Z"}
{"level":"silly","message":{"data":null,"source":1},"module":"events","timestamp":"2025-10-15T07:34:27.759Z"}
{"level":"silly","message":"netPromise > npwd:fetchMessageGroups > RequestObj","module":"events","timestamp":"2025-10-15T07:34:27.761Z"}
{"level":"silly","message":{"data":null,"source":1},"module":"events","timestamp":"2025-10-15T07:34:27.761Z"}
{"level":"silly","message":"netPromise > npwd-contact-getAll > RequestObj","module":"events","timestamp":"2025-10-15T07:34:27.764Z"}
{"level":"silly","message":{"data":null,"source":1},"module":"events","timestamp":"2025-10-15T07:34:27.765Z"}
{"level":"info","message":"Executed query (\n        SELECT *\n        FROM npwd_twitter_profiles\n        WHERE identifier = ?\n        LIMIT 1\n\t\t [\"T00I84CX\"]) in 10.4597ms'","module":"DBInterface","timestamp":"2025-10-15T07:34:27.768Z"}
{"level":"silly","message":"Response Promise Event npwd:getOrCreateTwitterProfile:0c815e0d-248f-42bd-962a-8598aa55927d (12.0253ms), Data >>","module":"events","timestamp":"2025-10-15T07:34:27.769Z"}
{"level":"silly","message":{"data":{"avatar_url":"https://i.fivemanage.com/images/3ClWwmpwkFhL.png","createdAt":"2025-10-04T17:50:42.000Z","id":1,"identifier":"T00I84CX","profile_name":"Cook_Sucker","updatedAt":"2025-10-04T17:50:42.000Z"},"status":"ok"},"module":"events","timestamp":"2025-10-15T07:34:27.769Z"}
{"level":"info","message":"Executed query (SELECT npwd_messages_conversations.id,\n                          npwd_messages_conversations.conversation_list         as conversationList,\n                          npwd_messages_participants.unread_count               as unreadCount,\n                          npwd_messages_conversations.is_group_chat             as isGroupChat,\n                          npwd_messages_conversations.label,\n                          UNIX_TIMESTAMP(npwd_messages_conversations.updatedAt) as updatedAt,\n                          npwd_messages_participants.participant\n                   FROM npwd_messages_conversations\n                            INNER JOIN npwd_messages_participants\n                                       on npwd_messages_conversations.id = npwd_messages_participants.conversation_id\n                   WHERE npwd_messages_participants.participant = ? [\"2761918114\"]) in 12.1946ms'","module":"DBInterface","timestamp":"2025-10-15T07:34:27.774Z"}
{"level":"silly","message":"Response Promise Event npwd:fetchMessageGroups:44a15e09-df31-4496-8f18-f13312ba81e9 (13.1608ms), Data >>","module":"events","timestamp":"2025-10-15T07:34:27.774Z"}
{"level":"info","message":"Executed query (SELECT * FROM npwd_phone_contacts WHERE identifier = ? ORDER BY display ASC [\"T00I84CX\"]) in 10.2805ms'","module":"DBInterface","timestamp":"2025-10-15T07:34:27.775Z"}
{"level":"info","message":"Executed query (\n        SELECT *,\n               UNIX_TIMESTAMP(updatedAt) AS lastActive\n        FROM npwd_match_profiles\n        WHERE identifier = ?\n        LIMIT 1\n\t\t [\"T00I84CX\"]) in 17.2821ms'","module":"DBInterface","timestamp":"2025-10-15T07:34:27.777Z"}
{"level":"silly","message":{"data":[],"status":"ok"},"module":"events","timestamp":"2025-10-15T07:34:27.774Z"}
{"level":"silly","message":"Response Promise Event npwd-contact-getAll:13c7bc54-50b8-4eb1-b453-e06e9e8ae5e7 (11.0865ms), Data >>","module":"events","timestamp":"2025-10-15T07:34:27.775Z"}
{"level":"silly","message":{"data":[],"status":"ok"},"module":"events","timestamp":"2025-10-15T07:34:27.775Z"}
{"level":"silly","message":"Response Promise Event phone:getMyProfile:bd325f8a-ecde-4cd8-8bd0-ec6cfc14bb73 (19.6702ms), Data >>","module":"events","timestamp":"2025-10-15T07:34:27.778Z"}
{"level":"silly","message":{"data":{"bio":"","createdAt":"2025-10-04T17:50:42.000Z","id":1,"identifier":"T00I84CX","image":"https://upload.wikimedia.org/wikipedia/commons/a/ac/No_image_available.svg","job":"","lastActive":1759600242,"lastActiveFormatted":"Sat, 04 Oct 2025 17:50:42 GMT","location":"","name":"Cook Sucker","tagList":[],"tags":"","updatedAt":"2025-10-04T17:50:42.000Z","viewed":false,"voiceMessage":null},"status":"ok"},"module":"events","timestamp":"2025-10-15T07:34:27.779Z"}
{"level":"info","message":"Executed query (SELECT id FROM npwd_marketplace_listings WHERE identifier = ? [\"T00I84CX\"]) in 16.5185ms'","module":"DBInterface","timestamp":"2025-10-15T09:27:20.327Z"}
{"level":"info","message":"Executed query (DELETE FROM npwd_marketplace_listings WHERE identifier = ? AND reported = 0 [\"T00I84CX\"]) in 1.3019ms'","module":"DBInterface","timestamp":"2025-10-15T09:27:20.329Z"}
{"level":"info","message":"Unloaded NPWD Player, source: (1)","module":"player","timestamp":"2025-10-15T09:27:20.329Z"}
{"level":"debug","message":"Marketplace service started","module":"marketplace","timestamp":"2025-11-21T18:52:18.256Z"}
{"level":"debug","message":"Call service started","module":"calls","timestamp":"2025-11-21T18:52:18.258Z"}
{"level":"debug","message":"Player Service started","module":"player","timestamp":"2025-11-21T18:52:18.258Z"}
{"level":"info","message":"Loading QBX bridge....","timestamp":"2025-11-21T18:52:18.258Z"}
{"level":"info","message":"QBX bridge initialized","timestamp":"2025-11-21T18:52:18.258Z"}
{"level":"debug","message":"Boot service started","module":"boot","timestamp":"2025-11-21T18:52:18.258Z"}
{"level":"debug","message":"Messages service started","module":"messages","timestamp":"2025-11-21T18:52:18.259Z"}
{"level":"debug","message":"Notes service started","module":"notes","timestamp":"2025-11-21T18:52:18.259Z"}
{"level":"debug","message":"Contacts service started","module":"contact","timestamp":"2025-11-21T18:52:18.259Z"}
{"level":"debug","message":"Photo service started","module":"photo","timestamp":"2025-11-21T18:52:18.276Z"}
{"level":"debug","message":"Twitter service started","module":"twitter","timestamp":"2025-11-21T18:52:18.276Z"}
{"level":"debug","message":"Match service started","module":"match","timestamp":"2025-11-21T18:52:18.277Z"}
{"level":"debug","message":"Beginning database schema validation","module":"boot","timestamp":"2025-11-21T18:52:20.238Z"}
{"level":"info","message":"Successfully started","timestamp":"2025-11-21T18:52:20.245Z"}
{"level":"info","message":"Executed query (SELECT COUNT(*) as count\n                       FROM information_schema.tables\n                       WHERE table_schema = ?\n                         AND table_name = ? [\"Qbox-database\",\"players\"]) in 60.2578ms'","module":"DBInterface","timestamp":"2025-11-21T18:52:20.299Z"}
{"level":"info","message":"Executed query (SHOW COLUMNS IN players []) in 19.3697ms'","module":"DBInterface","timestamp":"2025-11-21T18:52:20.319Z"}
{"level":"debug","message":"Database schema successfully validated","module":"boot","timestamp":"2025-11-21T18:52:20.319Z"}
{"level":"info","message":"New NPWD Player added through event (1) (T00I84CX)","module":"player","timestamp":"2025-11-21T18:53:53.373Z"}
{"level":"debug","message":{"_firstname":"Cook","_identifier":"T00I84CX","_lastname":"Sucker","_phoneNumber":"2761918114","source":1,"username":"kareem_"},"module":"player","timestamp":"2025-11-21T18:53:53.373Z"}
{"level":"info","message":"New NPWD Player added through event (1) (T00I84CX)","module":"player","timestamp":"2025-11-21T18:53:53.385Z"}
{"level":"debug","message":{"_firstname":"Cook","_identifier":"T00I84CX","_lastname":"Sucker","_phoneNumber":"2761918114","source":1,"username":"kareem_"},"module":"player","timestamp":"2025-11-21T18:53:53.385Z"}
{"level":"silly","message":"netPromise > npwd:fetchTweets > RequestObj","module":"events","timestamp":"2025-11-21T18:53:53.473Z"}
{"level":"silly","message":{"data":{"pageId":0},"source":1},"module":"events","timestamp":"2025-11-21T18:53:53.473Z"}
{"level":"info","message":"Executed query (\n        SELECT *\n        FROM npwd_twitter_profiles\n        WHERE identifier = ?\n        LIMIT 1\n\t\t [\"T00I84CX\"]) in 28.5062ms'","module":"DBInterface","timestamp":"2025-11-21T18:53:53.502Z"}
{"level":"info","message":"Executed query (\n        SELECT \n  npwd_twitter_tweets.id,\n  npwd_twitter_tweets.identifier,\n  npwd_twitter_profiles.id AS profile_id,\n  npwd_twitter_profiles.profile_name,\n  npwd_twitter_profiles.avatar_url,\n  npwd_twitter_tweets.likes,\n  npwd_twitter_tweets.visible,\n  IFNULL(COALESCE(retweets.message, npwd_twitter_tweets.message), '') AS message,\n  IFNULL(COALESCE(retweets.images, npwd_twitter_tweets.images), '') AS images,\n  npwd_twitter_tweets.retweet IS NOT NULL AS isRetweet,\n  retweets.id AS retweetId,\n  retweets_profiles.profile_name AS retweetProfileName,\n  retweets_profiles.avatar_url AS retweetAvatarUrl,\n  npwd_twitter_likes.id IS NOT NULL AS isLiked,\n  npwd_twitter_reports.id IS NOT NULL AS isReported,\n  npwd_twitter_tweets.createdAt,\n  npwd_twitter_tweets.updatedAt,\n  TIME_TO_SEC(TIMEDIFF( NOW(), npwd_twitter_tweets.createdAt)) AS seconds_since_tweet\n\n        FROM npwd_twitter_tweets\n                 LEFT OUTER JOIN npwd_twitter_profiles\n                                 ON npwd_twitter_tweets.identifier = npwd_twitter_profiles.identifier\n                 LEFT OUTER JOIN npwd_twitter_likes ON npwd_twitter_tweets.id = npwd_twitter_likes.tweet_id AND\n                                                       npwd_twitter_likes.profile_id = ?\n                 LEFT OUTER JOIN npwd_twitter_reports ON npwd_twitter_tweets.id = npwd_twitter_reports.tweet_id AND\n                                                         npwd_twitter_reports.profile_id = ?\n                 LEFT OUTER JOIN npwd_twitter_tweets AS retweets ON retweets.id = npwd_twitter_tweets.retweet\n                 LEFT OUTER JOIN npwd_twitter_profiles AS retweets_profiles\n                                 ON retweets.identifier = retweets_profiles.identifier\n        WHERE npwd_twitter_tweets.visible = 1\n        ORDER BY id DESC\n        LIMIT ? OFFSET ?\n\t\t [1,1,\"25\",\"0\"]) in 28.4111ms'","module":"DBInterface","timestamp":"2025-11-21T18:53:53.531Z"}
{"level":"silly","message":"Response Promise Event npwd:fetchTweets:5dd11636-c385-461d-9e77-b9a237083d6e (58.8113ms), Data >>","module":"events","timestamp":"2025-11-21T18:53:53.532Z"}
{"level":"silly","message":{"data":[],"status":"ok"},"module":"events","timestamp":"2025-11-21T18:53:53.532Z"}
{"level":"silly","message":"netPromise > npwd:getOrCreateTwitterProfile > RequestObj","module":"events","timestamp":"2025-11-21T18:53:53.625Z"}
{"level":"silly","message":{"data":null,"source":1},"module":"events","timestamp":"2025-11-21T18:53:53.625Z"}
{"level":"silly","message":"netPromise > phone:getMyProfile > RequestObj","module":"events","timestamp":"2025-11-21T18:53:53.626Z"}
{"level":"silly","message":{"data":null,"source":1},"module":"events","timestamp":"2025-11-21T18:53:53.626Z"}
{"level":"silly","message":"netPromise > npwd:fetchMessageGroups > RequestObj","module":"events","timestamp":"2025-11-21T18:53:53.627Z"}
{"level":"silly","message":{"data":null,"source":1},"module":"events","timestamp":"2025-11-21T18:53:53.627Z"}
{"level":"silly","message":"netPromise > npwd-contact-getAll > RequestObj","module":"events","timestamp":"2025-11-21T18:53:53.628Z"}
{"level":"silly","message":{"data":null,"source":1},"module":"events","timestamp":"2025-11-21T18:53:53.628Z"}
{"level":"info","message":"Executed query (\n        SELECT *\n        FROM npwd_twitter_profiles\n        WHERE identifier = ?\n        LIMIT 1\n\t\t [\"T00I84CX\"]) in 8.0551ms'","module":"DBInterface","timestamp":"2025-11-21T18:53:53.634Z"}
{"level":"silly","message":"Response Promise Event npwd:getOrCreateTwitterProfile:59ac5d79-a30e-486d-be89-6074566065d2 (9.279ms), Data >>","module":"events","timestamp":"2025-11-21T18:53:53.634Z"}
{"level":"silly","message":{"data":{"avatar_url":"https://i.fivemanage.com/images/3ClWwmpwkFhL.png","createdAt":"2025-10-04T17:50:42.000Z","id":1,"identifier":"T00I84CX","profile_name":"Cook_Sucker","updatedAt":"2025-10-04T17:50:42.000Z"},"status":"ok"},"module":"events","timestamp":"2025-11-21T18:53:53.634Z"}
{"level":"info","message":"Executed query (\n        SELECT *,\n               UNIX_TIMESTAMP(updatedAt) AS lastActive\n        FROM npwd_match_profiles\n        WHERE identifier = ?\n        LIMIT 1\n\t\t [\"T00I84CX\"]) in 100.7264ms'","module":"DBInterface","timestamp":"2025-11-21T18:53:53.727Z"}
{"level":"silly","message":"Response Promise Event phone:getMyProfile:b1684798-e4e6-4a57-8fe5-b9a0db00d61c (102.6874ms), Data >>","module":"events","timestamp":"2025-11-21T18:53:53.729Z"}
{"level":"info","message":"Executed query (SELECT * FROM npwd_phone_contacts WHERE identifier = ? ORDER BY display ASC [\"T00I84CX\"]) in 101.1978ms'","module":"DBInterface","timestamp":"2025-11-21T18:53:53.730Z"}
{"level":"info","message":"Executed query (SELECT npwd_messages_conversations.id,\n                          npwd_messages_conversations.conversation_list         as conversationList,\n                          npwd_messages_participants.unread_count               as unreadCount,\n                          npwd_messages_conversations.is_group_chat             as isGroupChat,\n                          npwd_messages_conversations.label,\n                          UNIX_TIMESTAMP(npwd_messages_conversations.updatedAt) as updatedAt,\n                          npwd_messages_participants.participant\n                   FROM npwd_messages_conversations\n                            INNER JOIN npwd_messages_participants\n                                       on npwd_messages_conversations.id = npwd_messages_participants.conversation_id\n                   WHERE npwd_messages_participants.participant = ? [\"2761918114\"]) in 103.9397ms'","module":"DBInterface","timestamp":"2025-11-21T18:53:53.732Z"}
{"level":"silly","message":{"data":{"bio":"","createdAt":"2025-10-04T17:50:42.000Z","id":1,"identifier":"T00I84CX","image":"https://upload.wikimedia.org/wikipedia/commons/a/ac/No_image_available.svg","job":"","lastActive":1759600242,"lastActiveFormatted":"Sat, 04 Oct 2025 17:50:42 GMT","location":"","name":"Cook Sucker","tagList":[],"tags":"","updatedAt":"2025-10-04T17:50:42.000Z","viewed":false,"voiceMessage":null},"status":"ok"},"module":"events","timestamp":"2025-11-21T18:53:53.729Z"}
{"level":"silly","message":"Response Promise Event npwd-contact-getAll:36bfbb8d-7331-4816-85d5-a4fc3cbc4b13 (101.6513ms), Data >>","module":"events","timestamp":"2025-11-21T18:53:53.730Z"}
{"level":"silly","message":{"data":[],"status":"ok"},"module":"events","timestamp":"2025-11-21T18:53:53.730Z"}
{"level":"silly","message":"Response Promise Event npwd:fetchMessageGroups:8a215b9e-2a8a-4125-81a0-f925fd9c9597 (104.5963ms), Data >>","module":"events","timestamp":"2025-11-21T18:53:53.732Z"}
{"level":"silly","message":{"data":[],"status":"ok"},"module":"events","timestamp":"2025-11-21T18:53:53.732Z"}
